[html.creativegigstf.com/charles/index.html]
[backblue.gif]
[fade.gif]
[index.html]
[html.creativegigstf.com/charles/images/fav-icon/icon.png]
[html.creativegigstf.com/charles/css/style.css]
[html.creativegigstf.com/charles/css/responsive.css]
[html.creativegigstf.com/charles/images/logo/logo.png]
[html.creativegigstf.com/charles/index-2.html]
[html.creativegigstf.com/charles/about.html]
[html.creativegigstf.com/charles/team.html]
[html.creativegigstf.com/charles/faq.html]
[html.creativegigstf.com/charles/404.html]
[html.creativegigstf.com/charles/shop.html]
[html.creativegigstf.com/charles/shop-details.html]
[html.creativegigstf.com/charles/service.html]
[html.creativegigstf.com/charles/service-v2.html]
[html.creativegigstf.com/charles/service-details.html]
[html.creativegigstf.com/charles/project.html]
[html.creativegigstf.com/charles/project-details.html]
[html.creativegigstf.com/charles/blog.html]
[html.creativegigstf.com/charles/blog-grid.html]
[html.creativegigstf.com/charles/blog-details.html]
[html.creativegigstf.com/charles/contact.html]
[html.creativegigstf.com/charles/images/home/slide-1.jpg]
[html.creativegigstf.com/charles/images/home/slide-2.jpg]
[html.creativegigstf.com/charles/images/home/slide-3.jpg]
[html.creativegigstf.com/charles/images/icon/1.png]
[html.creativegigstf.com/charles/images/icon/2.png]
[html.creativegigstf.com/charles/images/icon/3.png]
[html.creativegigstf.com/charles/images/icon/4.png]
[html.creativegigstf.com/charles/images/home/1.jpg]
[html.creativegigstf.com/charles/images/home/3.jpg]
[html.creativegigstf.com/charles/images/home/4.jpg]
[html.creativegigstf.com/charles/images/home/5.jpg]
[html.creativegigstf.com/charles/images/home/6.jpg]
[html.creativegigstf.com/charles/images/home/7.jpg]
[html.creativegigstf.com/charles/images/home/8.jpg]
[html.creativegigstf.com/charles/images/team/1.jpg]
[html.creativegigstf.com/charles/images/team/2.jpg]
[html.creativegigstf.com/charles/images/team/3.jpg]
[html.creativegigstf.com/charles/images/team/4.jpg]
[html.creativegigstf.com/charles/images/logo/p-1.png]
[html.creativegigstf.com/charles/images/logo/p-2.png]
[html.creativegigstf.com/charles/images/logo/p-3.png]
[html.creativegigstf.com/charles/images/logo/p-4.png]
[html.creativegigstf.com/charles/images/logo/p-5.png]
[html.creativegigstf.com/charles/images/blog/1.jpg]
[html.creativegigstf.com/charles/images/blog/2.jpg]
[html.creativegigstf.com/charles/vendor/jquery.2.2.3.min.js]
[html.creativegigstf.com/charles/vendor/popper.js/popper.min.js]
[html.creativegigstf.com/charles/vendor/bootstrap/js/bootstrap.min.js]
[html.creativegigstf.com/charles/vendor/Camera-master/scripts/jquery.mobile.customized.min.js]
[html.creativegigstf.com/charles/vendor/Camera-master/scripts/jquery.easing.1.3.js]
[html.creativegigstf.com/charles/vendor/Camera-master/scripts/camera.min.js]
[html.creativegigstf.com/charles/vendor/menu/src/js/jquery.slimmenu.js]
[html.creativegigstf.com/charles/vendor/WOW-master/dist/wow.min.js]
[html.creativegigstf.com/charles/vendor/owl-carousel/owl.carousel.min.js]
[html.creativegigstf.com/charles/vendor/jquery.appear.js]
[html.creativegigstf.com/charles/vendor/jquery.countTo.js]
[html.creativegigstf.com/charles/vendor/fancybox/dist/jquery.fancybox.min.js]
[html.creativegigstf.com/charles/index.html]
[html.creativegigstf.com/charles/js/theme.js]
[html.creativegigstf.com/charles/vendor/bootstrap/css/bootstrap.min.css]
[html.creativegigstf.com/charles/vendor/Camera-master/css/camera.css]
[html.creativegigstf.com/charles/vendor/menu/dist/css/slimmenu.css]
[html.creativegigstf.com/charles/fonts/font-awesome/css/font-awesome.min.css]
[html.creativegigstf.com/charles/vendor/owl-carousel/owl.carousel.css]
[html.creativegigstf.com/charles/vendor/owl-carousel/owl.theme.css]
[html.creativegigstf.com/charles/vendor/WOW-master/css/libs/animate.css]
[html.creativegigstf.com/charles/fonts/icon/font/flaticon.css]
[html.creativegigstf.com/charles/vendor/fancybox/dist/jquery.fancybox.min.css]
[html.creativegigstf.com/charles/vendor/language-switcher/polyglot-language-switcher.css]
[html.creativegigstf.com/charles/vendor/sanzzy-map/dist/snazzy-info-window.min.css]
[html.creativegigstf.com/charles/images/1.gif]
[html.creativegigstf.com/charles/fonts/font-awesome/fonts/fontawesome-webfont.ttf]
[html.creativegigstf.com/charles/fonts/font-awesome/fonts/fontawesome-webfont.eot]
[html.creativegigstf.com/charles/fonts/font-awesome/fonts/fontawesome-webfont.woff2]
[html.creativegigstf.com/charles/fonts/font-awesome/fonts/fontawesome-webfont.woff]
[html.creativegigstf.com/charles/fonts/font-awesome/fonts/fontawesome-webfont.svg]
[html.creativegigstf.com/charles/images/home/2.jpg]
[html.creativegigstf.com/charles/images/home/9.jpg]
[html.creativegigstf.com/charles/images/home/pattern.png]
[html.creativegigstf.com/charles/images/home/10.jpg]
[html.creativegigstf.com/charles/images/home/pattern2.png]
[html.creativegigstf.com/charles/images/home/11.jpg]
[html.creativegigstf.com/charles/images/home/12.jpg]
[html.creativegigstf.com/charles/images/home/13.jpg]
[html.creativegigstf.com/charles/images/home/14.jpg]
[html.creativegigstf.com/charles/images/home/inner-banner.jpg]
[html.creativegigstf.com/charles/images/home/16.jpg]
[html.creativegigstf.com/charles/images/home/22.jpg]
[html.creativegigstf.com/charles/css/style.css]
[html.creativegigstf.com/charles/css/responsive.css]
[html.creativegigstf.com/charles/images/home/slide-5.jpg]
[html.creativegigstf.com/charles/images/icon/5.png]
[html.creativegigstf.com/charles/images/icon/6.png]
[html.creativegigstf.com/charles/images/icon/7.png]
[html.creativegigstf.com/charles/images/icon/8.png]
[html.creativegigstf.com/charles/images/icon/9.png]
[html.creativegigstf.com/charles/images/icon/10.png]
[html.creativegigstf.com/charles/images/home/sign.png]
[html.creativegigstf.com/charles/images/portfolio/1.jpg]
[html.creativegigstf.com/charles/images/portfolio/2.jpg]
[html.creativegigstf.com/charles/images/portfolio/3.jpg]
[html.creativegigstf.com/charles/images/portfolio/4.jpg]
[html.creativegigstf.com/charles/images/portfolio/5.jpg]
[html.creativegigstf.com/charles/images/portfolio/6.jpg]
[html.creativegigstf.com/charles/images/blog/3.jpg]
[html.creativegigstf.com/charles/images/blog/4.jpg]
[html.creativegigstf.com/charles/images/blog/5.jpg]
[html.creativegigstf.com/charles/images/logo/logo2.png]
[html.creativegigstf.com/charles/images/portfolio/7.jpg]
[html.creativegigstf.com/charles/images/portfolio/8.jpg]
[html.creativegigstf.com/charles/images/portfolio/9.jpg]
[html.creativegigstf.com/charles/images/portfolio/10.jpg]
[html.creativegigstf.com/charles/images/portfolio/11.jpg]
[html.creativegigstf.com/charles/images/portfolio/12.jpg]
[html.creativegigstf.com/charles/vendor/language-switcher/jquery.polyglot.language.switcher.js]
[html.creativegigstf.com/charles/vendor/sanzzy-map/dist/snazzy-info-window.min.js]
[html.creativegigstf.com/charles/js/map-script.js]
[html.creativegigstf.com/charles/index-2.html]
[html.creativegigstf.com/charles/images/home/sign-black.png]
[html.creativegigstf.com/charles/images/home/15.jpg]
[html.creativegigstf.com/charles/images/home/17.jpg]
[html.creativegigstf.com/charles/images/home/18.jpg]
[html.creativegigstf.com/charles/images/home/19.jpg]
[html.creativegigstf.com/charles/about.html]
[html.creativegigstf.com/charles/team.html]
[html.creativegigstf.com/charles/faq.html]
[html.creativegigstf.com/charles/404.html]
[html.creativegigstf.com/charles/images/shop/1.jpg]
[html.creativegigstf.com/charles/images/shop/2.jpg]
[html.creativegigstf.com/charles/images/shop/3.jpg]
[html.creativegigstf.com/charles/images/shop/4.jpg]
[html.creativegigstf.com/charles/images/shop/5.jpg]
[html.creativegigstf.com/charles/images/shop/6.jpg]
[html.creativegigstf.com/charles/images/shop/7.jpg]
[html.creativegigstf.com/charles/images/shop/8.jpg]
[html.creativegigstf.com/charles/images/shop/9.jpg]
[html.creativegigstf.com/charles/images/shop/10.jpg]
[html.creativegigstf.com/charles/images/shop/11.jpg]
[html.creativegigstf.com/charles/images/shop/12.jpg]
[html.creativegigstf.com/charles/shop.html]
[html.creativegigstf.com/charles/images/shop/13.jpg]
[html.creativegigstf.com/charles/images/shop/14.jpg]
[html.creativegigstf.com/charles/images/shop/15.jpg]
[html.creativegigstf.com/charles/images/shop/16.jpg]
[html.creativegigstf.com/charles/images/blog/17.jpg]
[html.creativegigstf.com/charles/shop-details.html]
[html.creativegigstf.com/charles/service.html]
[html.creativegigstf.com/charles/service-v2.html]
[html.creativegigstf.com/charles/images/home/20.jpg]
[html.creativegigstf.com/charles/images/home/pattern3.png]
[html.creativegigstf.com/charles/images/home/21.jpg]
[html.creativegigstf.com/charles/service-details.html]
[html.creativegigstf.com/charles/images/portfolio/13.jpg]
[html.creativegigstf.com/charles/images/portfolio/14.jpg]
[html.creativegigstf.com/charles/images/portfolio/15.jpg]
[html.creativegigstf.com/charles/project.html]
[html.creativegigstf.com/charles/images/portfolio/16.jpg]
[html.creativegigstf.com/charles/images/portfolio/17.jpg]
[html.creativegigstf.com/charles/images/portfolio/18.jpg]
[html.creativegigstf.com/charles/project-details.html]
[html.creativegigstf.com/charles/vendor/jquery.canvasjs.min.js]
[html.creativegigstf.com/charles/images/blog/9.jpg]
[html.creativegigstf.com/charles/images/blog/10.jpg]
[html.creativegigstf.com/charles/images/blog/11.jpg]
[html.creativegigstf.com/charles/images/blog/12.jpg]
[html.creativegigstf.com/charles/images/blog/6.jpg]
[html.creativegigstf.com/charles/images/blog/7.jpg]
[html.creativegigstf.com/charles/images/blog/8.jpg]
[html.creativegigstf.com/charles/blog.html]
[html.creativegigstf.com/charles/blog-grid.html]
[html.creativegigstf.com/charles/images/blog/13.jpg]
[html.creativegigstf.com/charles/images/blog/14.jpg]
[html.creativegigstf.com/charles/images/blog/15.jpg]
[html.creativegigstf.com/charles/images/blog/16.jpg]
[html.creativegigstf.com/charles/blog-details.html]
[html.creativegigstf.com/charles/vendor/contact-form/validate.js]
[html.creativegigstf.com/charles/vendor/contact-form/jquery.form.js]
[html.creativegigstf.com/charles/contact.html]
[html.creativegigstf.com/charles/vendor/jquery.2.2.3.min.js]
[html.creativegigstf.com/charles/vendor/popper.js/popper.min.js]
[html.creativegigstf.com/charles/vendor/bootstrap/js/bootstrap.min.js]
[html.creativegigstf.com/charles/vendor/Camera-master/scripts/jquery.mobile.customized.min.js]
[html.creativegigstf.com/charles/vendor/Camera-master/scripts/jquery.easing.1.3.js]
[html.creativegigstf.com/charles/vendor/Camera-master/scripts/camera.min.js]
[html.creativegigstf.com/charles/vendor/menu/src/js/jquery.slimmenu.js]
[html.creativegigstf.com/charles/vendor/WOW-master/dist/wow.min.js]
[html.creativegigstf.com/charles/vendor/owl-carousel/owl.carousel.min.js]
[html.creativegigstf.com/charles/vendor/jquery.appear.js]
[html.creativegigstf.com/charles/vendor/jquery.countTo.js]
[html.creativegigstf.com/charles/vendor/fancybox/dist/jquery.fancybox.min.js]
[html.creativegigstf.com/charles/js/theme.js]
[html.creativegigstf.com/charles/vendor/bootstrap/css/bootstrap.min.css]
[html.creativegigstf.com/charles/vendor/Camera-master/images/blank.gif]
[html.creativegigstf.com/charles/vendor/Camera-master/images/camera-loader.gif]
[html.creativegigstf.com/charles/vendor/Camera-master/images/camera_skins.png]
[html.creativegigstf.com/charles/vendor/Camera-master/images/patterns/overlay1.png]
[html.creativegigstf.com/charles/vendor/Camera-master/images/patterns/overlay2.png]
[html.creativegigstf.com/charles/vendor/Camera-master/images/patterns/overlay3.png]
[html.creativegigstf.com/charles/vendor/Camera-master/images/patterns/overlay4.png]
[html.creativegigstf.com/charles/vendor/Camera-master/images/patterns/overlay5.png]
[html.creativegigstf.com/charles/vendor/Camera-master/images/patterns/overlay6.png]
[html.creativegigstf.com/charles/vendor/Camera-master/images/patterns/overlay7.png]
[html.creativegigstf.com/charles/vendor/Camera-master/images/patterns/overlay8.png]
[html.creativegigstf.com/charles/vendor/Camera-master/images/patterns/overlay9.png]
[html.creativegigstf.com/charles/vendor/Camera-master/images/patterns/overlay10.png]
[html.creativegigstf.com/charles/vendor/Camera-master/css/camera.css]
[html.creativegigstf.com/charles/vendor/menu/dist/css/slimmenu.css]
[html.creativegigstf.com/charles/fonts/font-awesome/fonts/fontawesome-webfont3e6e.eot]
[html.creativegigstf.com/charles/fonts/font-awesome/fonts/fontawesome-webfontd41d.eot]
[html.creativegigstf.com/charles/fonts/font-awesome/fonts/fontawesome-webfont3e6e.woff2]
[html.creativegigstf.com/charles/fonts/font-awesome/fonts/fontawesome-webfont3e6e.woff]
[html.creativegigstf.com/charles/fonts/font-awesome/fonts/fontawesome-webfont3e6e.ttf]
[html.creativegigstf.com/charles/fonts/font-awesome/css/font-awesome.min.css]
[html.creativegigstf.com/charles/fonts/font-awesome/fonts/fontawesome-webfont3e6e.svg]
[html.creativegigstf.com/charles/vendor/owl-carousel/owl.video.play.png]
[html.creativegigstf.com/charles/vendor/owl-carousel/owl.carousel.css]
[html.creativegigstf.com/charles/vendor/owl-carousel/owl.theme.css]
[html.creativegigstf.com/charles/vendor/WOW-master/css/libs/animate.css]
[html.creativegigstf.com/charles/fonts/icon/font/Flaticon.eot]
[html.creativegigstf.com/charles/fonts/icon/font/Flaticond41d.eot]
[html.creativegigstf.com/charles/fonts/icon/font/Flaticon.woff]
[html.creativegigstf.com/charles/fonts/icon/font/Flaticon.ttf]
[html.creativegigstf.com/charles/fonts/icon/font/flaticon.css]
[html.creativegigstf.com/charles/vendor/fancybox/dist/jquery.fancybox.min.css]
[html.creativegigstf.com/charles/fonts/icon/font/Flaticon.svg]
[html.creativegigstf.com/charles/images/home/gb.png]
[html.creativegigstf.com/charles/images/home/fr.png]
[html.creativegigstf.com/charles/images/home/de.png]
[html.creativegigstf.com/charles/images/home/it.png]
[html.creativegigstf.com/charles/images/home/es.png]
[html.creativegigstf.com/charles/vendor/language-switcher/polyglot-language-switcher.css]
[html.creativegigstf.com/charles/vendor/sanzzy-map/dist/snazzy-info-window.min.css]
[html.creativegigstf.com/charles/fonts/font-awesome/fonts/fontawesome-webfont.svg]
[html.creativegigstf.com/charles/vendor/language-switcher/jquery.polyglot.language.switcher.js]
[html.creativegigstf.com/charles/vendor/sanzzy-map/dist/snazzy-info-window.min.js]
[html.creativegigstf.com/charles/js/map-script.js]
[html.creativegigstf.com/charles/vendor/jquery.canvasjs.min.js]
[html.creativegigstf.com/charles/vendor/contact-form/validate.js]
[html.creativegigstf.com/charles/vendor/contact-form/jquery.form.js]
[html.creativegigstf.com/charles/vendor/Camera-master/images/patterns/overlay1.html]
[html.creativegigstf.com/charles/vendor/Camera-master/images/patterns/overlay2.html]
[html.creativegigstf.com/charles/vendor/Camera-master/images/patterns/overlay3.html]
[html.creativegigstf.com/charles/vendor/Camera-master/images/patterns/overlay4.html]
[html.creativegigstf.com/charles/vendor/Camera-master/images/patterns/overlay5.html]
[html.creativegigstf.com/charles/vendor/Camera-master/images/patterns/overlay6.html]
[html.creativegigstf.com/charles/vendor/Camera-master/images/patterns/overlay7.html]
[html.creativegigstf.com/charles/vendor/Camera-master/images/patterns/overlay8.html]
[html.creativegigstf.com/charles/vendor/Camera-master/images/patterns/overlay9.html]
[html.creativegigstf.com/charles/vendor/Camera-master/images/patterns/overlay10.html]
[html.creativegigstf.com/charles/fonts/font-awesome/fonts/fontawesome-webfont3e6e.svg]
[html.creativegigstf.com/charles/vendor/owl-carousel/owl.video.play.html]
[html.creativegigstf.com/charles/fonts/icon/font/Flaticon.svg]
